main.c:77:6:timerIRQcallback	8	static
main.c:85:10:getTickTimer1	12	static
main.c:89:10:getTimer1Second	16	static
main.c:97:9:switchToOn	72	static
main.c:115:9:switchToOff	72	static
main.c:136:6:setFan	16	static
main.c:141:6:fanControlLoop	8	static
main.c:159:6:state_FanOn	16	static
main.c:172:6:state_FanOff	16	static
main.c:183:6:tim1Delay	32	static
main.c:190:6:fanSystemHandle	56	static
main.c:216:5:main	8	static
main.c:287:6:SystemClock_Config	88	static
main.c:332:13:MX_TIM1_Init	32	static
main.c:378:13:MX_TIM3_Init	32	static
main.c:423:13:MX_USART2_UART_Init	8	static
main.c:456:13:MX_GPIO_Init	48	static
main.c:508:6:Error_Handler	4	static,ignoring_inline_asm
