main.c:97:6:setLed	24	static
main.c:121:6:setRelay	16	static
main.c:150:6:adcCallback	104	static
main.c:222:6:timerIRQcallback	8	static
main.c:230:10:getTickTimer1	12	static
main.c:234:10:getTimer1Second	16	static
main.c:242:9:switchToOn	72	static
main.c:260:9:switchToOff	72	static
main.c:281:6:setFan	16	static
main.c:286:6:fanControlLoop	8	static
main.c:304:6:state_FanOn	16	static
main.c:317:6:state_FanOff	16	static
main.c:329:6:fanSystemHandle	64	static
main.c:355:6:HAL_UART_RxCpltCallback	192	static
main.c:403:5:main	8	static
main.c:467:6:SystemClock_Config	88	static
main.c:512:13:MX_ADC1_Init	24	static
main.c:562:13:MX_TIM1_Init	32	static
main.c:608:13:MX_TIM3_Init	32	static
main.c:653:13:MX_USART1_UART_Init	8	static
main.c:686:13:MX_USART2_UART_Init	8	static
main.c:719:13:MX_GPIO_Init	48	static
main.c:771:6:Error_Handler	4	static
