main.c:89:6:cpyTo	32	static
main.c:121:9:checkCorrectness	32	static
main.c:138:9:getStateFromUART2	64	dynamic
main.c:185:6:sendValueUART2	40	static
main.c:230:5:main	16	static
main.c:284:6:SystemClock_Config	88	static
main.c:329:13:MX_ADC1_Init	24	static
main.c:379:13:MX_TIM1_Init	32	static
main.c:425:13:MX_TIM3_Init	32	static
main.c:470:13:MX_USART1_UART_Init	8	static
main.c:503:13:MX_USART2_UART_Init	8	static
main.c:534:13:MX_DMA_Init	16	static
main.c:552:13:MX_GPIO_Init	48	static
main.c:604:6:Error_Handler	4	static,ignoring_inline_asm
